target_names,accuracy,precision,recall,f1_score
0,0.27,0.36,0.27,0.31
1,0.40,0.38,0.40,0.39
2,0.21,0.21,0.21,0.21
3,0.08,0.05,0.08,0.06
avg,0.29,0.30,0.29,0.29
