0,1.00,0.66,1.00,0.79
1,0.00,0.00,0.00,0.00
2,0.00,0.00,0.00,0.00
avg,0.66,0.43,0.66,0.52
