0.73,0.68,0.73,0.70
0.60,0.52,0.60,0.55
0.60,0.53,0.60,0.56
0.57,0.32,0.57,0.41
0.64,0.57,0.64,0.58
0.61,0.53,0.61,0.56
0.67,0.46,0.67,0.55
0.62,0.54,0.62,0.57
0.59,0.47,0.59,0.50
0.67,0.59,0.67,0.60

avg
0,63    0,521   0,63    0,558
