0.57,0.49,0.57,0.52
0.70,0.56,0.70,0.60
0.72,0.53,0.72,0.61
0.64,0.54,0.64,0.57
0.66,0.43,0.66,0.52
0.64,0.43,0.64,0.51
0.70,0.62,0.70,0.63
0.67,0.46,0.67,0.55
0.55,0.46,0.55,0.47
0.57,0.54,0.57,0.55

avg
0,642   0,506   0,642   0,553
