0.64,0.57,0.64,0.60
0.54,0.48,0.54,0.50
0.64,0.55,0.64,0.58
0.68,0.54,0.68,0.59
0.57,0.51,0.57,0.53
0.63,0.58,0.63,0.60
0.62,0.54,0.62,0.57
0.64,0.53,0.64,0.55
0.68,0.58,0.68,0.62
0.64,0.58,0.64,0.60

avg
0,628   0,546   0,628   0,574
