0.64,0.54,0.64,0.57
0.70,0.64,0.70,0.65
0.66,0.56,0.66,0.60
0.57,0.46,0.57,0.49
0.50,0.54,0.50,0.52
0.68,0.61,0.68,0.63
0.61,0.54,0.61,0.56
0.67,0.55,0.67,0.60
0.64,0.54,0.64,0.57
0.54,0.47,0.54,0.49

avg
0,621   0,545   0,621   0,568
