0,0.28,0.70,0.28,0.40
1,0.49,0.39,0.49,0.43
2,0.14,0.02,0.14,0.03
avg,0.33,0.58,0.33,0.39
