0.61,0.58,0.41,0.48
0.66,0.60,0.48,0.54
0.68,0.59,0.50,0.54
0.68,0.66,0.41,0.50
0.69,0.61,0.52,0.56
0.62,0.66,0.36,0.47
0.65,0.59,0.48,0.53
0.62,0.59,0.47,0.52
0.62,0.62,0.26,0.36
0.62,0.58,0.41,0.48

avg
0,645   0,608   0,43    0,498
