target_names,accuracy,precision,recall,f1_score
0,1.00,0.60,1.00,0.75
1,0.00,0.00,0.00,0.00
avg,0.60,0.00,0.00,0.00
