0.78,0.76,0.71,0.73
0.74,0.74,0.60,0.66
0.74,0.68,0.74,0.71
0.76,0.68,0.81,0.74
0.75,0.66,0.78,0.72
0.75,0.64,0.73,0.68
0.74,0.62,0.70,0.66
0.73,0.74,0.60,0.66
0.76,0.71,0.74,0.72
0.71,0.71,0.65,0.68

avg
0,746   0,694   0,706   0,696
