target_names,accuracy,precision,recall,f1_score
0,0.73,0.74,0.73,0.73
1,0.65,0.63,0.65,0.64
avg,0.69,0.63,0.65,0.64
