Evaluating KNeighborsClassifier
Fold 0
# Tuning hyper-parameters for precision

Best parameters set found on validation set:

{'n_neighbors': 3}

Grid scores on validation set:

0.533 (+/-0.085) for {'n_neighbors': 3}
0.532 (+/-0.057) for {'n_neighbors': 5}
0.513 (+/-0.083) for {'n_neighbors': 11}
0.510 (+/-0.120) for {'n_neighbors': 21}
0.515 (+/-0.095) for {'n_neighbors': 31}

Scores on test set:

             precision    recall  f1-score   support

     female       0.54      0.55      0.55       100
       male       0.36      0.35      0.35        71

avg / total       0.47      0.47      0.47       171

# Tuning hyper-parameters for recall

Best parameters set found on validation set:

{'n_neighbors': 31}

Grid scores on validation set:

0.549 (+/-0.079) for {'n_neighbors': 3}
0.551 (+/-0.055) for {'n_neighbors': 5}
0.544 (+/-0.065) for {'n_neighbors': 11}
0.550 (+/-0.080) for {'n_neighbors': 21}
0.565 (+/-0.046) for {'n_neighbors': 31}

Scores on test set:

             precision    recall  f1-score   support

     female       0.58      0.93      0.72       100
       male       0.42      0.07      0.12        71

avg / total       0.52      0.57      0.47       171

Fold 1
# Tuning hyper-parameters for precision

Best parameters set found on validation set:

{'n_neighbors': 31}

Grid scores on validation set:

0.516 (+/-0.039) for {'n_neighbors': 3}
0.514 (+/-0.064) for {'n_neighbors': 5}
0.532 (+/-0.078) for {'n_neighbors': 11}
0.530 (+/-0.092) for {'n_neighbors': 21}
0.540 (+/-0.098) for {'n_neighbors': 31}

Scores on test set:

             precision    recall  f1-score   support

     female       0.57      0.81      0.67       100
       male       0.34      0.14      0.20        71

avg / total       0.48      0.53      0.47       171

# Tuning hyper-parameters for recall

Best parameters set found on validation set:

{'n_neighbors': 31}

Grid scores on validation set:

0.532 (+/-0.036) for {'n_neighbors': 3}
0.535 (+/-0.059) for {'n_neighbors': 5}
0.556 (+/-0.073) for {'n_neighbors': 11}
0.562 (+/-0.065) for {'n_neighbors': 21}
0.571 (+/-0.061) for {'n_neighbors': 31}

Scores on test set:

             precision    recall  f1-score   support

     female       0.57      0.81      0.67       100
       male       0.34      0.14      0.20        71

avg / total       0.48      0.53      0.47       171

Fold 2
# Tuning hyper-parameters for precision

Best parameters set found on validation set:

{'n_neighbors': 31}

Grid scores on validation set:

0.483 (+/-0.057) for {'n_neighbors': 3}
0.498 (+/-0.056) for {'n_neighbors': 5}
0.472 (+/-0.013) for {'n_neighbors': 11}
0.473 (+/-0.073) for {'n_neighbors': 21}
0.536 (+/-0.043) for {'n_neighbors': 31}

Scores on test set:

             precision    recall  f1-score   support

     female       0.60      0.82      0.69        99
       male       0.49      0.24      0.32        71

avg / total       0.55      0.58      0.54       170

# Tuning hyper-parameters for recall

Best parameters set found on validation set:

{'n_neighbors': 31}

Grid scores on validation set:

0.498 (+/-0.065) for {'n_neighbors': 3}
0.520 (+/-0.058) for {'n_neighbors': 5}
0.511 (+/-0.047) for {'n_neighbors': 11}
0.532 (+/-0.048) for {'n_neighbors': 21}
0.570 (+/-0.022) for {'n_neighbors': 31}

Scores on test set:

             precision    recall  f1-score   support

     female       0.60      0.82      0.69        99
       male       0.49      0.24      0.32        71

avg / total       0.55      0.58      0.54       170

Fold 3
# Tuning hyper-parameters for precision

Best parameters set found on validation set:

{'n_neighbors': 5}

Grid scores on validation set:

0.502 (+/-0.076) for {'n_neighbors': 3}
0.509 (+/-0.037) for {'n_neighbors': 5}
0.507 (+/-0.061) for {'n_neighbors': 11}
0.500 (+/-0.055) for {'n_neighbors': 21}
0.499 (+/-0.054) for {'n_neighbors': 31}

Scores on test set:

             precision    recall  f1-score   support

     female       0.58      0.73      0.64        99
       male       0.40      0.25      0.31        71

avg / total       0.50      0.53      0.50       170

# Tuning hyper-parameters for recall

Best parameters set found on validation set:

{'n_neighbors': 31}

Grid scores on validation set:

0.517 (+/-0.073) for {'n_neighbors': 3}
0.529 (+/-0.037) for {'n_neighbors': 5}
0.537 (+/-0.051) for {'n_neighbors': 11}
0.542 (+/-0.034) for {'n_neighbors': 21}
0.555 (+/-0.025) for {'n_neighbors': 31}

Scores on test set:

             precision    recall  f1-score   support

     female       0.58      0.86      0.69        99
       male       0.42      0.14      0.21        71

avg / total       0.51      0.56      0.49       170

Fold 4
# Tuning hyper-parameters for precision

Best parameters set found on validation set:

{'n_neighbors': 3}

Grid scores on validation set:

0.539 (+/-0.048) for {'n_neighbors': 3}
0.532 (+/-0.062) for {'n_neighbors': 5}
0.516 (+/-0.036) for {'n_neighbors': 11}
0.517 (+/-0.089) for {'n_neighbors': 21}
0.508 (+/-0.106) for {'n_neighbors': 31}

Scores on test set:

             precision    recall  f1-score   support

     female       0.58      0.65      0.61        99
       male       0.41      0.34      0.37        70

avg / total       0.51      0.52      0.51       169

# Tuning hyper-parameters for recall

Best parameters set found on validation set:

{'n_neighbors': 21}

Grid scores on validation set:

0.553 (+/-0.040) for {'n_neighbors': 3}
0.548 (+/-0.058) for {'n_neighbors': 5}
0.543 (+/-0.029) for {'n_neighbors': 11}
0.557 (+/-0.051) for {'n_neighbors': 21}
0.553 (+/-0.055) for {'n_neighbors': 31}

Scores on test set:

             precision    recall  f1-score   support

     female       0.57      0.75      0.65        99
       male       0.36      0.20      0.26        70

avg / total       0.48      0.52      0.48       169

Evaluating RandomForestClassifier
Fold 0
# Tuning hyper-parameters for precision

Best parameters set found on validation set:

{'n_estimators': 40}

Grid scores on validation set:

0.504 (+/-0.068) for {'n_estimators': 2}
0.498 (+/-0.053) for {'n_estimators': 3}
0.475 (+/-0.097) for {'n_estimators': 5}
0.485 (+/-0.067) for {'n_estimators': 10}
0.506 (+/-0.095) for {'n_estimators': 20}
0.514 (+/-0.086) for {'n_estimators': 40}
0.482 (+/-0.139) for {'n_estimators': 60}

Scores on test set:

             precision    recall  f1-score   support

     female       0.60      0.81      0.69       100
       male       0.46      0.23      0.30        71

avg / total       0.54      0.57      0.53       171

# Tuning hyper-parameters for recall

Best parameters set found on validation set:

{'n_estimators': 40}

Grid scores on validation set:

0.532 (+/-0.084) for {'n_estimators': 2}
0.496 (+/-0.036) for {'n_estimators': 3}
0.526 (+/-0.136) for {'n_estimators': 5}
0.526 (+/-0.090) for {'n_estimators': 10}
0.538 (+/-0.125) for {'n_estimators': 20}
0.543 (+/-0.149) for {'n_estimators': 40}
0.516 (+/-0.117) for {'n_estimators': 60}

Scores on test set:

             precision    recall  f1-score   support

     female       0.60      0.87      0.71       100
       male       0.52      0.20      0.29        71

avg / total       0.57      0.59      0.54       171

Fold 1
# Tuning hyper-parameters for precision

Best parameters set found on validation set:

{'n_estimators': 5}

Grid scores on validation set:

0.510 (+/-0.073) for {'n_estimators': 2}
0.518 (+/-0.074) for {'n_estimators': 3}
0.534 (+/-0.054) for {'n_estimators': 5}
0.523 (+/-0.112) for {'n_estimators': 10}
0.500 (+/-0.126) for {'n_estimators': 20}
0.515 (+/-0.148) for {'n_estimators': 40}
0.523 (+/-0.105) for {'n_estimators': 60}

Scores on test set:

             precision    recall  f1-score   support

     female       0.59      0.60      0.60       100
       male       0.43      0.42      0.43        71

avg / total       0.53      0.53      0.53       171

# Tuning hyper-parameters for recall

Best parameters set found on validation set:

{'n_estimators': 10}

Grid scores on validation set:

0.526 (+/-0.081) for {'n_estimators': 2}
0.529 (+/-0.043) for {'n_estimators': 3}
0.525 (+/-0.119) for {'n_estimators': 5}
0.551 (+/-0.109) for {'n_estimators': 10}
0.532 (+/-0.161) for {'n_estimators': 20}
0.551 (+/-0.101) for {'n_estimators': 40}
0.546 (+/-0.147) for {'n_estimators': 60}

Scores on test set:

             precision    recall  f1-score   support

     female       0.60      0.79      0.68       100
       male       0.47      0.27      0.34        71

avg / total       0.55      0.57      0.54       171

Fold 2
# Tuning hyper-parameters for precision

Best parameters set found on validation set:

{'n_estimators': 60}

Grid scores on validation set:

0.505 (+/-0.059) for {'n_estimators': 2}
0.523 (+/-0.079) for {'n_estimators': 3}
0.526 (+/-0.055) for {'n_estimators': 5}
0.506 (+/-0.046) for {'n_estimators': 10}
0.482 (+/-0.162) for {'n_estimators': 20}
0.520 (+/-0.066) for {'n_estimators': 40}
0.527 (+/-0.123) for {'n_estimators': 60}

Scores on test set:

             precision    recall  f1-score   support

     female       0.59      0.76      0.66        99
       male       0.43      0.25      0.32        71

avg / total       0.52      0.55      0.52       170

# Tuning hyper-parameters for recall

Best parameters set found on validation set:

{'n_estimators': 10}

Grid scores on validation set:

0.545 (+/-0.061) for {'n_estimators': 2}
0.514 (+/-0.178) for {'n_estimators': 3}
0.523 (+/-0.122) for {'n_estimators': 5}
0.564 (+/-0.120) for {'n_estimators': 10}
0.535 (+/-0.145) for {'n_estimators': 20}
0.558 (+/-0.126) for {'n_estimators': 40}
0.530 (+/-0.097) for {'n_estimators': 60}

Scores on test set:

             precision    recall  f1-score   support

     female       0.57      0.68      0.62        99
       male       0.40      0.30      0.34        71

avg / total       0.50      0.52      0.50       170

Fold 3
# Tuning hyper-parameters for precision

Best parameters set found on validation set:

{'n_estimators': 3}

Grid scores on validation set:

0.512 (+/-0.058) for {'n_estimators': 2}
0.534 (+/-0.065) for {'n_estimators': 3}
0.512 (+/-0.113) for {'n_estimators': 5}
0.504 (+/-0.062) for {'n_estimators': 10}
0.521 (+/-0.066) for {'n_estimators': 20}
0.518 (+/-0.063) for {'n_estimators': 40}
0.511 (+/-0.094) for {'n_estimators': 60}

Scores on test set:

             precision    recall  f1-score   support

     female       0.57      0.66      0.61        99
       male       0.39      0.31      0.35        71

avg / total       0.50      0.51      0.50       170

# Tuning hyper-parameters for recall

Best parameters set found on validation set:

{'n_estimators': 2}

Grid scores on validation set:

0.554 (+/-0.045) for {'n_estimators': 2}
0.532 (+/-0.055) for {'n_estimators': 3}
0.520 (+/-0.075) for {'n_estimators': 5}
0.536 (+/-0.069) for {'n_estimators': 10}
0.536 (+/-0.114) for {'n_estimators': 20}
0.537 (+/-0.043) for {'n_estimators': 40}
0.537 (+/-0.068) for {'n_estimators': 60}

Scores on test set:

             precision    recall  f1-score   support

     female       0.56      0.78      0.65        99
       male       0.33      0.15      0.21        71

avg / total       0.47      0.52      0.47       170

Fold 4
# Tuning hyper-parameters for precision

Best parameters set found on validation set:

{'n_estimators': 20}

Grid scores on validation set:

0.530 (+/-0.048) for {'n_estimators': 2}
0.488 (+/-0.036) for {'n_estimators': 3}
0.478 (+/-0.042) for {'n_estimators': 5}
0.526 (+/-0.067) for {'n_estimators': 10}
0.539 (+/-0.070) for {'n_estimators': 20}
0.536 (+/-0.059) for {'n_estimators': 40}
0.506 (+/-0.080) for {'n_estimators': 60}

Scores on test set:

             precision    recall  f1-score   support

     female       0.42      0.14      0.21        99
       male       0.38      0.73      0.50        70

avg / total       0.40      0.38      0.33       169

# Tuning hyper-parameters for recall

Best parameters set found on validation set:

{'n_estimators': 10}

Grid scores on validation set:

0.551 (+/-0.031) for {'n_estimators': 2}
0.541 (+/-0.061) for {'n_estimators': 3}
0.507 (+/-0.098) for {'n_estimators': 5}
0.563 (+/-0.029) for {'n_estimators': 10}
0.543 (+/-0.085) for {'n_estimators': 20}
0.528 (+/-0.085) for {'n_estimators': 40}
0.538 (+/-0.098) for {'n_estimators': 60}

Scores on test set:

             precision    recall  f1-score   support

     female       0.56      0.22      0.32        99
       male       0.41      0.76      0.53        70

avg / total       0.50      0.44      0.41       169

Evaluating SVC
Fold 0
# Tuning hyper-parameters for precision

