0.77,0.74,0.76,0.75
0.77,0.77,0.69,0.73
0.78,0.76,0.71,0.74
0.78,0.85,0.64,0.73
0.72,0.67,0.68,0.68
0.78,0.77,0.73,0.75
0.80,0.69,0.82,0.75
0.77,0.68,0.79,0.73
0.74,0.82,0.55,0.66
0.75,0.71,0.68,0.70

avg
0,766   0,746   0,705   0,722
