0.67,0.75,0.16,0.26
0.49,0.35,0.50,0.41
0.59,0.46,0.30,0.36
0.59,0.00,0.00,0.00
0.51,0.39,0.33,0.36
0.71,0.57,0.25,0.35
0.76,1.00,0.08,0.14
0.73,0.33,0.08,0.12
0.53,0.29,0.29,0.29
0.51,0.31,0.20,0.24

avg
0,609   0,445   0,219   0,253
