target_names,accuracy,precision,recall,f1_score
0,0.53,0.63,0.53,0.58
1,0.47,0.38,0.47,0.42
avg,0.51,0.38,0.47,0.42
