0.49,0.33,0.30,0.32
0.65,0.80,0.19,0.31
0.67,0.38,0.20,0.26
0.59,0.14,0.06,0.09
0.67,0.44,0.47,0.45
0.63,0.25,0.06,0.10
0.51,0.33,0.04,0.07
0.51,0.14,0.13,0.14
0.57,0.20,0.12,0.15
0.57,0.38,0.15,0.21

avg
0,586   0,339   0,172   0,21
