0.61,0.00,0.00,0.00
0.57,0.00,0.00,0.00
0.57,0.00,0.00,0.00
0.61,0.00,0.00,0.00
0.65,0.00,0.00,0.00
0.57,0.00,0.00,0.00
0.65,0.00,0.00,0.00
0.61,0.00,0.00,0.00
0.63,0.00,0.00,0.00
0.65,0.00,0.00,0.00

avg
0,612   0   0   0
