0.47,0.22,0.09,0.13
0.55,0.33,0.05,0.08
0.55,0.29,0.24,0.26
0.49,0.25,0.09,0.13
0.43,0.14,0.04,0.06
0.51,0.33,0.19,0.24
0.43,0.33,0.32,0.33
0.69,0.50,0.06,0.11
0.59,0.33,0.11,0.16
0.57,0.25,0.05,0.08

avg
0,528   0,297   0,124   0,158
