0.58,0.44,0.38,0.41
0.52,0.42,0.29,0.35
0.56,0.42,0.40,0.41
0.54,0.44,0.33,0.38
0.54,0.30,0.33,0.32
0.54,0.44,0.39,0.41
0.53,0.40,0.29,0.34
0.56,0.24,0.09,0.13
0.55,0.40,0.43,0.41
0.46,0.43,0.31,0.36

avg
0,538   0,393   0,324   0,352
