target_names,accuracy,precision,recall,f1_score
0,1.00,0.62,1.00,0.77
1,0.00,0.00,0.00,0.00
avg,0.62,0.00,0.00,0.00
