0.52,0.44,0.25,0.32
0.48,0.35,0.25,0.29
0.53,0.53,0.35,0.42
0.54,0.46,0.42,0.44
0.48,0.38,0.44,0.41
0.64,0.59,0.52,0.55
0.52,0.35,0.36,0.36
0.63,0.36,0.31,0.33
0.57,0.40,0.13,0.20
0.62,0.55,0.30,0.38

avg
0,553   0,441   0,333   0,37
