0.48,0.40,0.27,0.32
0.56,0.42,0.21,0.28
0.55,0.40,0.37,0.38
0.62,0.56,0.35,0.43
0.60,0.52,0.27,0.36
0.56,0.36,0.49,0.42
0.57,0.36,0.16,0.22
0.55,0.47,0.24,0.32
0.57,0.46,0.29,0.36
0.65,0.51,0.35,0.42

avg
0,571   0,446   0,3 0,351
